node.exe : npm error code ENOSPC
At line:1 char:1
+ & "C:\Program Files\nodejs/node.exe" "C:\Users\RAJSAI\AppData\Roaming ...
+ ~~~~~~~~~~~~~~~~~~~~~~~~~~~~~~~~~~~~~~~~~~~~~~~~~~~~~~~~~~~~~~~~~~~~~
    + CategoryInfo          : NotSpecified: (npm error code ENOSPC:String) [], RemoteException
    + FullyQualifiedErrorId : NativeCommandError
 
